Archive member included because of file (symbol)

/opt/cross/gcc-arm-none-eabi-4_8-2014q3/bin/../lib/gcc/arm-none-eabi/4.8.4/../../../../arm-none-eabi/lib/armv7-m/libc.a(lib_a-exit.o)
                              /opt/cross/gcc-arm-none-eabi-4_8-2014q3/bin/../lib/gcc/arm-none-eabi/4.8.4/../../../../arm-none-eabi/lib/armv7-m/crt0.o (exit)
/opt/cross/gcc-arm-none-eabi-4_8-2014q3/bin/../lib/gcc/arm-none-eabi/4.8.4/../../../../arm-none-eabi/lib/armv7-m/libc.a(lib_a-impure.o)
                              /opt/cross/gcc-arm-none-eabi-4_8-2014q3/bin/../lib/gcc/arm-none-eabi/4.8.4/../../../../arm-none-eabi/lib/armv7-m/libc.a(lib_a-exit.o) (_global_impure_ptr)
/opt/cross/gcc-arm-none-eabi-4_8-2014q3/bin/../lib/gcc/arm-none-eabi/4.8.4/../../../../arm-none-eabi/lib/armv7-m/libc.a(lib_a-init.o)
                              /opt/cross/gcc-arm-none-eabi-4_8-2014q3/bin/../lib/gcc/arm-none-eabi/4.8.4/../../../../arm-none-eabi/lib/armv7-m/crt0.o (__libc_init_array)
/opt/cross/gcc-arm-none-eabi-4_8-2014q3/bin/../lib/gcc/arm-none-eabi/4.8.4/../../../../arm-none-eabi/lib/armv7-m/libc.a(lib_a-memset.o)
                              /opt/cross/gcc-arm-none-eabi-4_8-2014q3/bin/../lib/gcc/arm-none-eabi/4.8.4/../../../../arm-none-eabi/lib/armv7-m/crt0.o (memset)
/opt/cross/gcc-arm-none-eabi-4_8-2014q3/bin/../lib/gcc/arm-none-eabi/4.8.4/../../../../arm-none-eabi/lib/armv7-m/libc.a(lib_a-siprintf.o)
                              build/main.o (siprintf)
/opt/cross/gcc-arm-none-eabi-4_8-2014q3/bin/../lib/gcc/arm-none-eabi/4.8.4/../../../../arm-none-eabi/lib/armv7-m/libc.a(lib_a-strcmp.o)
                              build/Flash.o (strcmp)
/opt/cross/gcc-arm-none-eabi-4_8-2014q3/bin/../lib/gcc/arm-none-eabi/4.8.4/../../../../arm-none-eabi/lib/armv7-m/libc.a(lib_a-strcpy.o)
                              build/main.o (strcpy)
/opt/cross/gcc-arm-none-eabi-4_8-2014q3/bin/../lib/gcc/arm-none-eabi/4.8.4/../../../../arm-none-eabi/lib/armv7-m/libc.a(lib_a-strlen.o)
                              build/Logging.o (strlen)
/opt/cross/gcc-arm-none-eabi-4_8-2014q3/bin/../lib/gcc/arm-none-eabi/4.8.4/../../../../arm-none-eabi/lib/armv7-m/libc.a(lib_a-svfiprintf.o)
                              /opt/cross/gcc-arm-none-eabi-4_8-2014q3/bin/../lib/gcc/arm-none-eabi/4.8.4/../../../../arm-none-eabi/lib/armv7-m/libc.a(lib_a-siprintf.o) (_svfiprintf_r)
/opt/cross/gcc-arm-none-eabi-4_8-2014q3/bin/../lib/gcc/arm-none-eabi/4.8.4/../../../../arm-none-eabi/lib/armv7-m/libc.a(lib_a-vsiprintf.o)
                              build/Logging.o (vsiprintf)
/opt/cross/gcc-arm-none-eabi-4_8-2014q3/bin/../lib/gcc/arm-none-eabi/4.8.4/../../../../arm-none-eabi/lib/armv7-m/libc.a(lib_a-__call_atexit.o)
                              /opt/cross/gcc-arm-none-eabi-4_8-2014q3/bin/../lib/gcc/arm-none-eabi/4.8.4/../../../../arm-none-eabi/lib/armv7-m/libc.a(lib_a-exit.o) (__call_exitprocs)
/opt/cross/gcc-arm-none-eabi-4_8-2014q3/bin/../lib/gcc/arm-none-eabi/4.8.4/../../../../arm-none-eabi/lib/armv7-m/libc.a(lib_a-atexit.o)
                              /opt/cross/gcc-arm-none-eabi-4_8-2014q3/bin/../lib/gcc/arm-none-eabi/4.8.4/../../../../arm-none-eabi/lib/armv7-m/libc.a(lib_a-__call_atexit.o) (atexit)
/opt/cross/gcc-arm-none-eabi-4_8-2014q3/bin/../lib/gcc/arm-none-eabi/4.8.4/../../../../arm-none-eabi/lib/armv7-m/libc.a(lib_a-fini.o)
                              /opt/cross/gcc-arm-none-eabi-4_8-2014q3/bin/../lib/gcc/arm-none-eabi/4.8.4/../../../../arm-none-eabi/lib/armv7-m/libc.a(lib_a-__call_atexit.o) (__libc_fini_array)
/opt/cross/gcc-arm-none-eabi-4_8-2014q3/bin/../lib/gcc/arm-none-eabi/4.8.4/../../../../arm-none-eabi/lib/armv7-m/libc.a(lib_a-freer.o)
                              /opt/cross/gcc-arm-none-eabi-4_8-2014q3/bin/../lib/gcc/arm-none-eabi/4.8.4/../../../../arm-none-eabi/lib/armv7-m/libc.a(lib_a-svfiprintf.o) (_free_r)
/opt/cross/gcc-arm-none-eabi-4_8-2014q3/bin/../lib/gcc/arm-none-eabi/4.8.4/../../../../arm-none-eabi/lib/armv7-m/libc.a(lib_a-mallocr.o)
                              /opt/cross/gcc-arm-none-eabi-4_8-2014q3/bin/../lib/gcc/arm-none-eabi/4.8.4/../../../../arm-none-eabi/lib/armv7-m/libc.a(lib_a-svfiprintf.o) (_malloc_r)
/opt/cross/gcc-arm-none-eabi-4_8-2014q3/bin/../lib/gcc/arm-none-eabi/4.8.4/../../../../arm-none-eabi/lib/armv7-m/libc.a(lib_a-memchr-stub.o)
                              /opt/cross/gcc-arm-none-eabi-4_8-2014q3/bin/../lib/gcc/arm-none-eabi/4.8.4/../../../../arm-none-eabi/lib/armv7-m/libc.a(lib_a-svfiprintf.o) (memchr)
/opt/cross/gcc-arm-none-eabi-4_8-2014q3/bin/../lib/gcc/arm-none-eabi/4.8.4/../../../../arm-none-eabi/lib/armv7-m/libc.a(lib_a-memcpy.o)
                              /opt/cross/gcc-arm-none-eabi-4_8-2014q3/bin/../lib/gcc/arm-none-eabi/4.8.4/../../../../arm-none-eabi/lib/armv7-m/libc.a(lib_a-svfiprintf.o) (memcpy)
/opt/cross/gcc-arm-none-eabi-4_8-2014q3/bin/../lib/gcc/arm-none-eabi/4.8.4/../../../../arm-none-eabi/lib/armv7-m/libc.a(lib_a-memmove.o)
[...]
Memory Configuration

Name             Origin             Length             Attributes
FLASH            0x00000000         0x00020000         xr
RAM              0x20000000         0x00004000         xrw
*default*        0x00000000         0xffffffff

Linker script and memory map

LOAD /opt/cross/gcc-arm-none-eabi-4_8-2014q3/bin/../lib/gcc/arm-none-eabi/4.8.4/armv7-m/crti.o
LOAD /opt/cross/gcc-arm-none-eabi-4_8-2014q3/bin/../lib/gcc/arm-none-eabi/4.8.4/armv7-m/crtbegin.o
LOAD /opt/cross/gcc-arm-none-eabi-4_8-2014q3/bin/../lib/gcc/arm-none-eabi/4.8.4/../../../../arm-none-eabi/lib/armv7-m/crt0.o
LOAD build/system_efm32g.o
LOAD build/em_assert.o
LOAD build/em_cmu.o
LOAD build/em_dma.o
LOAD build/em_emu.o
LOAD build/em_int.o
LOAD build/em_gpio.o
LOAD build/em_leuart.o
LOAD build/em_usart.o
LOAD build/em_rtc.o
LOAD build/em_msc.o
LOAD build/em_system.o
LOAD build/diskio.o
LOAD build/ff.o
LOAD build/main.o
LOAD build/debug.o
LOAD build/Flash.o
LOAD build/LEUART.o
LOAD build/Logging.o
LOAD build/microsd.o
LOAD build/startup_efm32g.o
LOAD build/version.o
START GROUP
LOAD /opt/cross/gcc-arm-none-eabi-4_8-2014q3/bin/../lib/gcc/arm-none-eabi/4.8.4/armv7-m/libgcc.a
LOAD /opt/cross/gcc-arm-none-eabi-4_8-2014q3/bin/../lib/gcc/arm-none-eabi/4.8.4/../../../../arm-none-eabi/lib/armv7-m/libc.a
LOAD /opt/cross/gcc-arm-none-eabi-4_8-2014q3/bin/../lib/gcc/arm-none-eabi/4.8.4/../../../../arm-none-eabi/lib/armv7-m/libnosys.a
END GROUP
START GROUP
LOAD /opt/cross/gcc-arm-none-eabi-4_8-2014q3/bin/../lib/gcc/arm-none-eabi/4.8.4/armv7-m/libgcc.a
LOAD /opt/cross/gcc-arm-none-eabi-4_8-2014q3/bin/../lib/gcc/arm-none-eabi/4.8.4/../../../../arm-none-eabi/lib/armv7-m/libc.a
END GROUP
LOAD /opt/cross/gcc-arm-none-eabi-4_8-2014q3/bin/../lib/gcc/arm-none-eabi/4.8.4/armv7-m/crtend.o
LOAD /opt/cross/gcc-arm-none-eabi-4_8-2014q3/bin/../lib/gcc/arm-none-eabi/4.8.4/armv7-m/crtn.o

.text           0x00000000     0x6878
 *(.isr_vector)
 .isr_vector    0x00000000      0x100 build/startup_efm32g.o
                0x00000000                __isr_vector
 *(.text*)
 .text          0x00000100       0x54 /opt/cross/gcc-arm-none-eabi-4_8-2014q3/bin/../lib/gcc/arm-none-eabi/4.8.4/armv7-m/crtbegin.o
 .text          0x00000154       0x74 /opt/cross/gcc-arm-none-eabi-4_8-2014q3/bin/../lib/gcc/arm-none-eabi/4.8.4/../../../../arm-none-eabi/lib/armv7-m/crt0.o
                0x00000154                _mainCRTStartup
                0x00000154                _start
 .text.SystemHFClockGet
                0x000001c8       0xb4 build/system_efm32g.o
                0x000001c8                SystemHFClockGet
 .text.SystemCoreClockGet
                0x0000027c       0x20 build/system_efm32g.o
                0x0000027c                SystemCoreClockGet
 .text.SystemInit
                0x0000029c        0x2 build/system_efm32g.o
                0x0000029c                SystemInit
 .text.SystemLFRCOClockGet
                0x0000029e        0x6 build/system_efm32g.o
                0x0000029e                SystemLFRCOClockGet
 .text.SystemLFXOClockGet
                0x000002a4        0xc build/system_efm32g.o
                0x000002a4                SystemLFXOClockGet
 .text.assertEFM
                0x000002b0        0x2 build/em_assert.o
                0x000002b0                assertEFM
 *fill*         0x000002b2        0x2 
 .text.CMU_FlashWaitStateMax
                0x000002b4       0x30 build/em_cmu.o
 .text.CMU_FlashWaitStateControl
                0x000002e4       0x54 build/em_cmu.o
 .text.CMU_DivToLog2
                0x00000338       0x24 build/em_cmu.o
 .text.CMU_Sync
                0x0000035c       0x14 build/em_cmu.o
 .text.CMU_LFClkGet
                0x00000370       0x50 build/em_cmu.o
 .text.CMU_ClockDivSet
                0x000003c0      0x164 build/em_cmu.o
                0x000003c0                CMU_ClockDivSet
 .text.CMU_ClockEnable
                0x00000524       0x80 build/em_cmu.o
                0x00000524                CMU_ClockEnable
 .text.CMU_ClockSelectGet
                0x000005a4       0x88 build/em_cmu.o
                0x000005a4                CMU_ClockSelectGet
 .text.CMU_ClockFreqGet
                0x0000062c       0xf4 build/em_cmu.o
                0x0000062c                CMU_ClockFreqGet
 .text.CMU_OscillatorEnable
                0x00000720       0x60 build/em_cmu.o
                0x00000720                CMU_OscillatorEnable
 .text.CMU_ClockSelectSet
                0x00000780       0xd4 build/em_cmu.o
                0x00000780                CMU_ClockSelectSet
 .text.DMA_Prepare
                0x00000854       0x8c build/em_dma.o
 .text.DMA_IRQHandler
                0x000008e0       0x78 build/em_dma.o
                0x000008e0                DMA_IRQHandler
 .text.DMA_ActivateBasic
                0x00000958       0x5c build/em_dma.o
                0x00000958                DMA_ActivateBasic
 .text.DMA_CfgChannel
                0x000009b4       0x6c build/em_dma.o
                0x000009b4                DMA_CfgChannel
 .text.DMA_CfgDescr
                0x00000a20       0x5c build/em_dma.o
                0x00000a20                DMA_CfgDescr
 .text.DMA_Reset
                0x00000a7c       0x4c build/em_dma.o
                0x00000a7c                DMA_Reset
 .text.DMA_Init
                0x00000ac8       0x60 build/em_dma.o
                0x00000ac8                DMA_Init
 .text.EMU_UpdateOscConfig
                0x00000b28       0x14 build/em_emu.o
                0x00000b28                EMU_UpdateOscConfig
 .text.GPIO_PinModeSet
                0x00000b3c       0xa4 build/em_gpio.o
                0x00000b3c                GPIO_PinModeSet
 .text.LEUART_Sync
                0x00000be0        0xe build/em_leuart.o
 *fill*         0x00000bee        0x2 
 .text.LEUART_BaudrateSet
                0x00000bf0       0x7c build/em_leuart.o
                0x00000bf0                LEUART_BaudrateSet
 .text.LEUART_Init
                0x00000c6c       0x64 build/em_leuart.o
                0x00000c6c                LEUART_Init
 .text.LEUART_Reset
                0x00000cd0       0x4c build/em_leuart.o
                0x00000cd0                LEUART_Reset
 .text.USART_BaudrateSyncSet
                0x00000d1c       0x58 build/em_usart.o
                0x00000d1c                USART_BaudrateSyncSet
 .text.USART_Reset
                0x00000d74       0x54 build/em_usart.o
                0x00000d74                USART_Reset
 .text.USART_InitSync
                0x00000dc8       0x70 build/em_usart.o
                0x00000dc8                USART_InitSync
 .text.USART_SpiTransfer
                0x00000e38       0x14 build/em_usart.o
                0x00000e38                USART_SpiTransfer
 .text.RTC_Sync
                0x00000e4c       0x14 build/em_rtc.o
 .text.RTC_CompareSet
                0x00000e60       0x40 build/em_rtc.o
                0x00000e60                RTC_CompareSet
 .text.RTC_Enable
                0x00000ea0       0x12 build/em_rtc.o
                0x00000ea0                RTC_Enable
 *fill*         0x00000eb2        0x2 
 .text.RTC_Init
                0x00000eb4       0x24 build/em_rtc.o
                0x00000eb4                RTC_Init
 .text.MSC_Init
                0x00000ed8       0x18 build/em_msc.o
                0x00000ed8                MSC_Init
 .text.MSC_Deinit
                0x00000ef0       0x14 build/em_msc.o
                0x00000ef0                MSC_Deinit
 .text.SYSTEM_ChipRevisionGet
                0x00000f04       0x34 build/em_system.o
                0x00000f04                SYSTEM_ChipRevisionGet
 .text.disk_initialize
                0x00000f38      0x134 build/diskio.o
                0x00000f38                disk_initialize
 .text.disk_status
                0x0000106c       0x10 build/diskio.o
                0x0000106c                disk_status
 .text.disk_read
                0x0000107c       0x84 build/diskio.o
                0x0000107c                disk_read
 .text.disk_write
                0x00001100       0xa4 build/diskio.o
                0x00001100                disk_write
 .text.disk_ioctl
                0x000011a4      0x1e4 build/diskio.o
                0x000011a4                disk_ioctl
 .text.mem_cpy  0x00001388       0x14 build/ff.o
 .text.get_fileinfo
                0x0000139c       0x7e build/ff.o
 .text.move_window
                0x0000141a       0x76 build/ff.o
 .text.check_fs
                0x00001490       0x88 build/ff.o
 .text.chk_mounted
                0x00001518      0x310 build/ff.o
 .text.validate
                0x00001828       0x24 build/ff.o
 .text.sync     0x0000184c       0xb4 build/ff.o
 .text.clust2sect
                0x00001900       0x16 build/ff.o
                0x00001900                clust2sect
 .text.get_fat  0x00001916       0xd2 build/ff.o
                0x00001916                get_fat
 .text.dir_sdi  0x000019e8       0x84 build/ff.o
 .text.put_fat  0x00001a6c       0xf8 build/ff.o
                0x00001a6c                put_fat
 .text.create_chain
                0x00001b64       0x9a build/ff.o
 .text.dir_next
                0x00001bfe       0xf4 build/ff.o
 *fill*         0x00001cf2        0x2 
 .text.follow_path
                0x00001cf4      0x208 build/ff.o
 .text.dir_register
                0x00001efc       0x5a build/ff.o
 .text.dir_read
                0x00001f56       0x44 build/ff.o
 .text.remove_chain
                0x00001f9a       0x54 build/ff.o
 *fill*         0x00001fee        0x2 
 .text.f_mount  0x00001ff0       0x30 build/ff.o
                0x00001ff0                f_mount
 .text.f_open   0x00002020      0x138 build/ff.o
                0x00002020                f_open
 .text.f_read   0x00002158      0x17c build/ff.o
                0x00002158                f_read
 .text.f_write  0x000022d4      0x1a2 build/ff.o
                0x000022d4                f_write
 .text.f_sync   0x00002476       0xa8 build/ff.o
                0x00002476                f_sync
 .text.f_close  0x0000251e        0xe build/ff.o
                0x0000251e                f_close
 .text.f_lseek  0x0000252c      0x13c build/ff.o
                0x0000252c                f_lseek
 .text.f_opendir
                0x00002668       0x60 build/ff.o
                0x00002668                f_opendir
 .text.f_readdir
                0x000026c8       0x54 build/ff.o
                0x000026c8                f_readdir
 .text.f_getfree
                0x0000271c       0xea build/ff.o
                0x0000271c                f_getfree
 *fill*         0x00002806        0x2 
 .text.RTC_IRQHandler
                0x00002808       0x28 build/main.o
                0x00002808                RTC_IRQHandler
 .text.msDelay  0x00002830       0x40 build/main.o
                0x00002830                msDelay
 .text.startup.main
                0x00002870      0x47c build/main.o
                0x00002870                main
 .text.dbgInit  0x00002cec        0x2 build/debug.o
                0x00002cec                dbgInit
 *fill*         0x00002cee        0x2 
 .text.INT_Disable
                0x00002cf0       0x18 build/Flash.o
 .text.INT_Enable
                0x00002d08       0x14 build/Flash.o
 .text.FindPrjInfo
                0x00002d1c       0x28 build/Flash.o
                0x00002d1c                FindPrjInfo
 .text.FirmwareUpdate
                0x00002d44      0x104 build/Flash.o
                0x00002d44                FirmwareUpdate
 .text.INT_Enable
                0x00002e48       0x14 build/LEUART.o
 .text.dmaTransferStart
                0x00002e5c       0xb0 build/LEUART.o
                0x00002e5c                dmaTransferStart
 .text.dmaTransferDone
                0x00002f0c       0x28 build/LEUART.o
                0x00002f0c                dmaTransferDone
 .text.IsDmaTransferDone
                0x00002f34       0x10 build/LEUART.o
                0x00002f34                IsDmaTransferDone
 .text.drvLEUART_Init
                0x00002f44       0xc0 build/LEUART.o
                0x00002f44                drvLEUART_Init
 .text.drvLEUART_Deinit
                0x00003004       0x48 build/LEUART.o
                0x00003004                drvLEUART_Deinit
 .text.drvLEUART_puts
                0x0000304c       0x80 build/LEUART.o
                0x0000304c                drvLEUART_puts
 .text.INT_Disable
                0x000030cc       0x18 build/Logging.o
 .text.INT_Enable
                0x000030e4       0x14 build/Logging.o
 .text.logMsg   0x000030f8       0xd8 build/Logging.o
 .text.LogInit  0x000031d0       0x14 build/Logging.o
                0x000031d0                LogInit
 .text.Log      0x000031e4       0x28 build/Logging.o
                0x000031e4                Log
 .text.LogError
                0x0000320c       0x2c build/Logging.o
                0x0000320c                LogError
 .text.LogFileOpen
                0x00003238       0x64 build/Logging.o
                0x00003238                LogFileOpen
 .text.LogFlush
                0x0000329c       0xc0 build/Logging.o
                0x0000329c                LogFlush
 .text.IsDiskRemoved
                0x0000335c       0x10 build/microsd.o
                0x0000335c                IsDiskRemoved
 .text.IsFileHandleValid
                0x0000336c       0x10 build/microsd.o
                0x0000336c                IsFileHandleValid
 .text.DiskSize
                0x0000337c       0x28 build/microsd.o
                0x0000337c                DiskSize
 .text.FindFile
                0x000033a4      0x104 build/microsd.o
                0x000033a4                FindFile
 .text.MICROSD_Init
                0x000034a8       0xb0 build/microsd.o
                0x000034a8                MICROSD_Init
 .text.DiskInit
                0x00003558        0x4 build/microsd.o
                0x00003558                DiskInit
 .text.MICROSD_XferSpi
                0x0000355c       0x1c build/microsd.o
                0x0000355c                MICROSD_XferSpi
 .text.WaitReady
                0x00003578       0x20 build/microsd.o
 .text.MICROSD_Deselect
                0x00003598       0x10 build/microsd.o
                0x00003598                MICROSD_Deselect
 .text.MICROSD_Select
                0x000035a8       0x20 build/microsd.o
                0x000035a8                MICROSD_Select
 .text.MICROSD_PowerOn
                0x000035c8       0x68 build/microsd.o
                0x000035c8                MICROSD_PowerOn
 .text.MICROSD_PowerOff
                0x00003630       0x74 build/microsd.o
                0x00003630                MICROSD_PowerOff
 .text.MICROSD_Deinit
                0x000036a4       0x14 build/microsd.o
                0x000036a4                MICROSD_Deinit
 .text.DiskCheck
                0x000036b8      0x10c build/microsd.o
                0x000036b8                DiskCheck
 .text.MICROSD_BlockRx
                0x000037c4       0xa4 build/microsd.o
                0x000037c4                MICROSD_BlockRx
 .text.MICROSD_BlockTx
                0x00003868       0xac build/microsd.o
                0x00003868                MICROSD_BlockTx
 .text.MICROSD_SendCmd
                0x00003914       0x7a build/microsd.o
                0x00003914                MICROSD_SendCmd
 *fill*         0x0000398e        0x2 
 .text.MICROSD_SpiClkSlow
                0x00003990       0x20 build/microsd.o
                0x00003990                MICROSD_SpiClkSlow
 .text.MICROSD_SpiClkFast
                0x000039b0       0x24 build/microsd.o
                0x000039b0                MICROSD_SpiClkFast
 .text.MICROSD_TimeOutSet
                0x000039d4       0x14 build/microsd.o
                0x000039d4                MICROSD_TimeOutSet
 .text.MICROSD_TimeOutElapsed
                0x000039e8       0x14 build/microsd.o
                0x000039e8                MICROSD_TimeOutElapsed
 .text.get_fattime
                0x000039fc        0x4 build/microsd.o
                0x000039fc                get_fattime
 .text          0x00003a00       0x84 build/startup_efm32g.o
                0x00003a00                Reset_Handler
                0x00003a34                Default_Handler
                0x00003a36                NMI_Handler
                0x00003a38                HardFault_Handler
                0x00003a3a                MemManage_Handler
                0x00003a3c                BusFault_Handler
                0x00003a3e                UsageFault_Handler
                0x00003a40                SVC_Handler
                0x00003a42                DebugMon_Handler
                0x00003a44                PendSV_Handler
                0x00003a46                SysTick_Handler
                0x00003a4a                GPIO_EVEN_IRQHandler
                0x00003a4c                TIMER0_IRQHandler
                0x00003a4e                USART0_RX_IRQHandler
                0x00003a50                USART0_TX_IRQHandler
                0x00003a52                ACMP0_IRQHandler
                0x00003a54                ADC0_IRQHandler
                0x00003a56                DAC0_IRQHandler
                0x00003a58                I2C0_IRQHandler
                0x00003a5a                GPIO_ODD_IRQHandler
                0x00003a5c                TIMER1_IRQHandler
                0x00003a5e                TIMER2_IRQHandler
                0x00003a60                USART1_RX_IRQHandler
                0x00003a62                USART1_TX_IRQHandler
                0x00003a64                USART2_RX_IRQHandler
                0x00003a66                USART2_TX_IRQHandler
                0x00003a68                UART0_RX_IRQHandler
                0x00003a6a                UART0_TX_IRQHandler
                0x00003a6c                LEUART0_IRQHandler
                0x00003a6e                LEUART1_IRQHandler
                0x00003a70                LETIMER0_IRQHandler
                0x00003a72                PCNT0_IRQHandler
                0x00003a74                PCNT1_IRQHandler
                0x00003a76                PCNT2_IRQHandler
                0x00003a7a                CMU_IRQHandler
                0x00003a7c                VCMP_IRQHandler
                0x00003a7e                LCD_IRQHandler
                0x00003a80                MSC_IRQHandler
                0x00003a82                AES_IRQHandler
 .text.exit     0x00003a84       0x20 /opt/cross/gcc-arm-none-eabi-4_8-2014q3/bin/../lib/gcc/arm-none-eabi/4.8.4/../../../../arm-none-eabi/lib/armv7-m/libc.a(lib_a-exit.o)
                0x00003a84                exit
 .text.__libc_init_array
                0x00003aa4       0x50 /opt/cross/gcc-arm-none-eabi-4_8-2014q3/bin/../lib/gcc/arm-none-eabi/4.8.4/../../../../arm-none-eabi/lib/armv7-m/libc.a(lib_a-init.o)
                0x00003aa4                __libc_init_array
 .text.memset   0x00003af4       0x94 /opt/cross/gcc-arm-none-eabi-4_8-2014q3/bin/../lib/gcc/arm-none-eabi/4.8.4/../../../../arm-none-eabi/lib/armv7-m/libc.a(lib_a-memset.o)
                0x00003af4                memset
 .text.siprintf
                0x00003b88       0x4c /opt/cross/gcc-arm-none-eabi-4_8-2014q3/bin/../lib/gcc/arm-none-eabi/4.8.4/../../../../arm-none-eabi/lib/armv7-m/libc.a(lib_a-siprintf.o)
                0x00003b88                siprintf
 .text          0x00003bd4      0x23c /opt/cross/gcc-arm-none-eabi-4_8-2014q3/bin/../lib/gcc/arm-none-eabi/4.8.4/../../../../arm-none-eabi/lib/armv7-m/libc.a(lib_a-strcmp.o)
                0x00003bd4                strcmp
 .text.strcpy   0x00003e10       0xbc /opt/cross/gcc-arm-none-eabi-4_8-2014q3/bin/../lib/gcc/arm-none-eabi/4.8.4/../../../../arm-none-eabi/lib/armv7-m/libc.a(lib_a-strcpy.o)
                0x00003e10                strcpy
 .text.strlen   0x00003ecc       0x60 /opt/cross/gcc-arm-none-eabi-4_8-2014q3/bin/../lib/gcc/arm-none-eabi/4.8.4/../../../../arm-none-eabi/lib/armv7-m/libc.a(lib_a-strlen.o)
                0x00003ecc                strlen
 .text.__ssprint_r
                0x00003f2c      0x100 /opt/cross/gcc-arm-none-eabi-4_8-2014q3/bin/../lib/gcc/arm-none-eabi/4.8.4/../../../../arm-none-eabi/lib/armv7-m/libc.a(lib_a-svfiprintf.o)
                0x00003f2c                __ssprint_r
 .text._svfiprintf_r
                0x0000402c      0xb3c /opt/cross/gcc-arm-none-eabi-4_8-2014q3/bin/../lib/gcc/arm-none-eabi/4.8.4/../../../../arm-none-eabi/lib/armv7-m/libc.a(lib_a-svfiprintf.o)
                0x0000402c                _svfiprintf_r
 .text._vsiprintf_r
                0x00004b68       0x34 /opt/cross/gcc-arm-none-eabi-4_8-2014q3/bin/../lib/gcc/arm-none-eabi/4.8.4/../../../../arm-none-eabi/lib/armv7-m/libc.a(lib_a-vsiprintf.o)
                0x00004b68                _vsiprintf_r
 .text.vsiprintf
                0x00004b9c       0x18 /opt/cross/gcc-arm-none-eabi-4_8-2014q3/bin/../lib/gcc/arm-none-eabi/4.8.4/../../../../arm-none-eabi/lib/armv7-m/libc.a(lib_a-vsiprintf.o)
                0x00004b9c                vsiprintf
 .text.startup.register_fini
                0x00004bb4       0x14 /opt/cross/gcc-arm-none-eabi-4_8-2014q3/bin/../lib/gcc/arm-none-eabi/4.8.4/../../../../arm-none-eabi/lib/armv7-m/libc.a(lib_a-__call_atexit.o)
 .text.__call_exitprocs
                0x00004bc8       0xf0 /opt/cross/gcc-arm-none-eabi-4_8-2014q3/bin/../lib/gcc/arm-none-eabi/4.8.4/../../../../arm-none-eabi/lib/armv7-m/libc.a(lib_a-__call_atexit.o)
                0x00004bc8                __call_exitprocs
 .text.atexit   0x00004cb8        0xc /opt/cross/gcc-arm-none-eabi-4_8-2014q3/bin/../lib/gcc/arm-none-eabi/4.8.4/../../../../arm-none-eabi/lib/armv7-m/libc.a(lib_a-atexit.o)
                0x00004cb8                atexit
 .text.__libc_fini_array
                0x00004cc4       0x30 /opt/cross/gcc-arm-none-eabi-4_8-2014q3/bin/../lib/gcc/arm-none-eabi/4.8.4/../../../../arm-none-eabi/lib/armv7-m/libc.a(lib_a-fini.o)
                0x00004cc4                __libc_fini_array
 .text._malloc_trim_r
                0x00004cf4       0x9c /opt/cross/gcc-arm-none-eabi-4_8-2014q3/bin/../lib/gcc/arm-none-eabi/4.8.4/../../../../arm-none-eabi/lib/armv7-m/libc.a(lib_a-freer.o)
                0x00004cf4                _malloc_trim_r
 .text._free_r  0x00004d90      0x198 /opt/cross/gcc-arm-none-eabi-4_8-2014q3/bin/../lib/gcc/arm-none-eabi/4.8.4/../../../../arm-none-eabi/lib/armv7-m/libc.a(lib_a-freer.o)
                0x00004d90                _free_r
 .text._malloc_r
                0x00004f28      0x538 /opt/cross/gcc-arm-none-eabi-4_8-2014q3/bin/../lib/gcc/arm-none-eabi/4.8.4/../../../../arm-none-eabi/lib/armv7-m/libc.a(lib_a-mallocr.o)
                0x00004f28                _malloc_r
 .text.memchr   0x00005460       0x94 /opt/cross/gcc-arm-none-eabi-4_8-2014q3/bin/../lib/gcc/arm-none-eabi/4.8.4/../../../../arm-none-eabi/lib/armv7-m/libc.a(lib_a-memchr-stub.o)
                0x00005460                memchr
 .text          0x000054f4       0xec /opt/cross/gcc-arm-none-eabi-4_8-2014q3/bin/../lib/gcc/arm-none-eabi/4.8.4/../../../../arm-none-eabi/lib/armv7-m/libc.a(lib_a-memcpy.o)
                0x000054f4                memcpy
 .text.memmove  0x000055e0       0xcc /opt/cross/gcc-arm-none-eabi-4_8-2014q3/bin/../lib/gcc/arm-none-eabi/4.8.4/../../../../arm-none-eabi/lib/armv7-m/libc.a(lib_a-memmove.o)
                0x000055e0                memmove
 .text.__malloc_lock
                0x000056ac        0x4 /opt/cross/gcc-arm-none-eabi-4_8-2014q3/bin/../lib/gcc/arm-none-eabi/4.8.4/../../../../arm-none-eabi/lib/armv7-m/libc.a(lib_a-mlock.o)
                0x000056ac                __malloc_lock
 .text.__malloc_unlock
                0x000056b0        0x4 /opt/cross/gcc-arm-none-eabi-4_8-2014q3/bin/../lib/gcc/arm-none-eabi/4.8.4/../../../../arm-none-eabi/lib/armv7-m/libc.a(lib_a-mlock.o)
                0x000056b0                __malloc_unlock
 .text._realloc_r
                0x000056b4      0x3c0 /opt/cross/gcc-arm-none-eabi-4_8-2014q3/bin/../lib/gcc/arm-none-eabi/4.8.4/../../../../arm-none-eabi/lib/armv7-m/libc.a(lib_a-reallocr.o)
                0x000056b4                _realloc_r
 .text._sbrk_r  0x00005a74       0x24 /opt/cross/gcc-arm-none-eabi-4_8-2014q3/bin/../lib/gcc/arm-none-eabi/4.8.4/../../../../arm-none-eabi/lib/armv7-m/libc.a(lib_a-sbrkr.o)
                0x00005a74                _sbrk_r
 .text.__register_exitproc
                0x00005a98       0xa8 /opt/cross/gcc-arm-none-eabi-4_8-2014q3/bin/../lib/gcc/arm-none-eabi/4.8.4/../../../../arm-none-eabi/lib/armv7-m/libc.a(lib_a-__atexit.o)
                0x00005a98                __register_exitproc
 .text._sbrk    0x00005b40       0x34 /opt/cross/gcc-arm-none-eabi-4_8-2014q3/bin/../lib/gcc/arm-none-eabi/4.8.4/../../../../arm-none-eabi/lib/armv7-m/libnosys.a(sbrk.o)
                0x00005b40                _sbrk
 .text._exit    0x00005b74        0x4 /opt/cross/gcc-arm-none-eabi-4_8-2014q3/bin/../lib/gcc/arm-none-eabi/4.8.4/../../../../arm-none-eabi/lib/armv7-m/libnosys.a(_exit.o)
                0x00005b74                _exit
 .text          0x00005b78       0x2c /opt/cross/gcc-arm-none-eabi-4_8-2014q3/bin/../lib/gcc/arm-none-eabi/4.8.4/armv7-m/libgcc.a(_aeabi_uldivmod.o)
                0x00005b78                __aeabi_uldivmod
 .text          0x00005ba4       0x60 /opt/cross/gcc-arm-none-eabi-4_8-2014q3/bin/../lib/gcc/arm-none-eabi/4.8.4/armv7-m/libgcc.a(bpabi.o)
                0x00005ba4                __gnu_ldivmod_helper
                0x00005bd4                __gnu_uldivmod_helper
 .text          0x00005c04        0x4 /opt/cross/gcc-arm-none-eabi-4_8-2014q3/bin/../lib/gcc/arm-none-eabi/4.8.4/armv7-m/libgcc.a(_dvmd_tls.o)
                0x00005c04                __aeabi_ldiv0
                0x00005c04                __aeabi_idiv0
 .text          0x00005c08      0x2a0 /opt/cross/gcc-arm-none-eabi-4_8-2014q3/bin/../lib/gcc/arm-none-eabi/4.8.4/armv7-m/libgcc.a(_divdi3.o)
                0x00005c08                __divdi3
 .text          0x00005ea8      0x290 /opt/cross/gcc-arm-none-eabi-4_8-2014q3/bin/../lib/gcc/arm-none-eabi/4.8.4/armv7-m/libgcc.a(_udivdi3.o)
                0x00005ea8                __udivdi3
 *(.init)
 .init          0x00006138        0x4 /opt/cross/gcc-arm-none-eabi-4_8-2014q3/bin/../lib/gcc/arm-none-eabi/4.8.4/armv7-m/crti.o
                0x00006138                _init
 .init          0x0000613c        0x8 /opt/cross/gcc-arm-none-eabi-4_8-2014q3/bin/../lib/gcc/arm-none-eabi/4.8.4/armv7-m/crtn.o
 *(.fini)
 .fini          0x00006144        0x4 /opt/cross/gcc-arm-none-eabi-4_8-2014q3/bin/../lib/gcc/arm-none-eabi/4.8.4/armv7-m/crti.o
                0x00006144                _fini
 .fini          0x00006148        0x8 /opt/cross/gcc-arm-none-eabi-4_8-2014q3/bin/../lib/gcc/arm-none-eabi/4.8.4/armv7-m/crtn.o
 .fini.__stub   0x00006150       0x20 linker stubs
 *crtbegin.o(.ctors)
 *crtbegin?.o(.ctors)
 *(EXCLUDE_FILE(*crtend.o *crtend?.o) .ctors)
 *(SORT(.ctors.*))
 *(.ctors)
 *crtbegin.o(.dtors)
 *crtbegin?.o(.dtors)
 *(EXCLUDE_FILE(*crtend.o *crtend?.o) .dtors)
 *(SORT(.dtors.*))
 *(.dtors)
 *(.rodata*)
 .rodata.str1.1
                0x00006170       0x16 build/em_cmu.o
 .rodata.str1.1
                0x00006186       0x16 build/em_dma.o
 .rodata.str1.1
                0x0000619c       0x16 build/em_emu.o
 .rodata.str1.1
                0x000061b2       0x17 build/em_gpio.o
 .rodata.str1.1
                0x000061c9       0x19 build/em_leuart.o
 .rodata.str1.1
                0x000061e2       0x18 build/em_usart.o
 .rodata.str1.1
                0x000061fa       0x16 build/em_rtc.o
 .rodata.str1.1
                0x00006210       0x16 build/em_msc.o
 .rodata.str1.1
                0x00006226       0x19 build/em_system.o
 .rodata.str1.1
                0x0000623f        0xf build/ff.o
 .rodata.excvt.4461
                0x0000624e       0x80 build/ff.o
 .rodata        0x000062ce       0x10 build/main.o
 .rodata.str1.1
                0x000062de      0x240 build/main.o
                                0x246 (size before relaxing)
 *fill*         0x0000651e        0x2 
 .rodata._pTIMER0
                0x00006520        0x4 build/debug.o
                0x00006520                _pTIMER0
 .rodata._pVCMP
                0x00006524        0x4 build/debug.o
                0x00006524                _pVCMP
 .rodata._pDAC0
                0x00006528        0x4 build/debug.o
                0x00006528                _pDAC0
 .rodata._pSysTick
                0x0000652c        0x4 build/debug.o
                0x0000652c                _pSysTick
 .rodata._pDEVINFO
                0x00006530        0x4 build/debug.o
                0x00006530                _pDEVINFO
 .rodata._pAES  0x00006534        0x4 build/debug.o
                0x00006534                _pAES
 .rodata._pSCnSCB
                0x00006538        0x4 build/debug.o
                0x00006538                _pSCnSCB
 .rodata._pI2C0
                0x0000653c        0x4 build/debug.o
                0x0000653c                _pI2C0
 .rodata._pTIMER1
                0x00006540        0x4 build/debug.o
                0x00006540                _pTIMER1
 .rodata._pTIMER2
                0x00006544        0x4 build/debug.o
                0x00006544                _pTIMER2
 .rodata._pADC0
                0x00006548        0x4 build/debug.o
                0x00006548                _pADC0
 .rodata._pACMP0
                0x0000654c        0x4 build/debug.o
                0x0000654c                _pACMP0
 .rodata._pACMP1
                0x00006550        0x4 build/debug.o
                0x00006550                _pACMP1
 .rodata._pGPIO
                0x00006554        0x4 build/debug.o
                0x00006554                _pGPIO
 .rodata._pMSC  0x00006558        0x4 build/debug.o
                0x00006558                _pMSC
 .rodata._pRMU  0x0000655c        0x4 build/debug.o
                0x0000655c                _pRMU
 .rodata._pDMA  0x00006560        0x4 build/debug.o
                0x00006560                _pDMA
 .rodata._pROMTABLE
                0x00006564        0x4 build/debug.o
                0x00006564                _pROMTABLE
 .rodata._pUSART2
                0x00006568        0x4 build/debug.o
                0x00006568                _pUSART2
 .rodata._pTPI  0x0000656c        0x4 build/debug.o
                0x0000656c                _pTPI
 .rodata._pLETIMER0
                0x00006570        0x4 build/debug.o
                0x00006570                _pLETIMER0
 .rodata._pCoreDebug
                0x00006574        0x4 build/debug.o
                0x00006574                _pCoreDebug
 .rodata._pCMU  0x00006578        0x4 build/debug.o
                0x00006578                _pCMU
 .rodata._pUSART0
                0x0000657c        0x4 build/debug.o
                0x0000657c                _pUSART0
 .rodata._pUSART1
                0x00006580        0x4 build/debug.o
                0x00006580                _pUSART1
 .rodata._pLEUART0
                0x00006584        0x4 build/debug.o
                0x00006584                _pLEUART0
 .rodata._pLEUART1
                0x00006588        0x4 build/debug.o
                0x00006588                _pLEUART1
 .rodata._pPRS  0x0000658c        0x4 build/debug.o
                0x0000658c                _pPRS
 .rodata._pSCB  0x00006590        0x4 build/debug.o
                0x00006590                _pSCB
 .rodata._pWDOG
                0x00006594        0x4 build/debug.o
                0x00006594                _pWDOG
 .rodata._pEMU  0x00006598        0x4 build/debug.o
                0x00006598                _pEMU
 .rodata._pMPU  0x0000659c        0x4 build/debug.o
                0x0000659c                _pMPU
 .rodata._pRTC  0x000065a0        0x4 build/debug.o
                0x000065a0                _pRTC
 .rodata._pNVIC
                0x000065a4        0x4 build/debug.o
                0x000065a4                _pNVIC
 .rodata._pCALIBRATE
                0x000065a8        0x4 build/debug.o
                0x000065a8                _pCALIBRATE
 .rodata._pPCNT0
                0x000065ac        0x4 build/debug.o
                0x000065ac                _pPCNT0
 .rodata._pPCNT1
                0x000065b0        0x4 build/debug.o
                0x000065b0                _pPCNT1
 .rodata._pPCNT2
                0x000065b4        0x4 build/debug.o
                0x000065b4                _pPCNT2
 .rodata.str1.1
                0x000065b8       0xda build/Flash.o
 .rodata.str1.1
                0x00006692       0xb1 build/Logging.o
                                 0xb3 (size before relaxing)
 *fill*         0x00006743        0x1 
 .rodata        0x00006744       0x14 build/microsd.o
 .rodata.str1.1
                0x00006758       0x8e build/microsd.o
                                 0x90 (size before relaxing)
 .rodata.prj    0x000067e6       0x36 build/version.o
                0x000067e6                prj
 .rodata.str1.4
                0x0000681c        0x2 /opt/cross/gcc-arm-none-eabi-4_8-2014q3/bin/../lib/gcc/arm-none-eabi/4.8.4/../../../../arm-none-eabi/lib/armv7-m/libc.a(lib_a-impure.o)
                                  0x4 (size before relaxing)
 *fill*         0x0000681e        0x2 
 .rodata._global_impure_ptr
                0x00006820        0x4 /opt/cross/gcc-arm-none-eabi-4_8-2014q3/bin/../lib/gcc/arm-none-eabi/4.8.4/../../../../arm-none-eabi/lib/armv7-m/libc.a(lib_a-impure.o)
                0x00006820                _global_impure_ptr
 .rodata.zeroes.6707
                0x00006824       0x10 /opt/cross/gcc-arm-none-eabi-4_8-2014q3/bin/../lib/gcc/arm-none-eabi/4.8.4/../../../../arm-none-eabi/lib/armv7-m/libc.a(lib_a-svfiprintf.o)
 .rodata.str1.4
                0x00006834       0x30 /opt/cross/gcc-arm-none-eabi-4_8-2014q3/bin/../lib/gcc/arm-none-eabi/4.8.4/../../../../arm-none-eabi/lib/armv7-m/libc.a(lib_a-svfiprintf.o)
 .rodata.blanks.6706
                0x00006864       0x10 /opt/cross/gcc-arm-none-eabi-4_8-2014q3/bin/../lib/gcc/arm-none-eabi/4.8.4/../../../../arm-none-eabi/lib/armv7-m/libc.a(lib_a-svfiprintf.o)
 *(.eh_frame*)
 .eh_frame      0x00006874        0x0 /opt/cross/gcc-arm-none-eabi-4_8-2014q3/bin/../lib/gcc/arm-none-eabi/4.8.4/armv7-m/crtbegin.o
 .eh_frame      0x00006874        0x4 /opt/cross/gcc-arm-none-eabi-4_8-2014q3/bin/../lib/gcc/arm-none-eabi/4.8.4/armv7-m/crtend.o

.glue_7         0x00006878        0x0
 .glue_7        0x00000000        0x0 linker stubs

.glue_7t        0x00006878        0x0
 .glue_7t       0x00000000        0x0 linker stubs

.vfp11_veneer   0x00006878        0x0
 .vfp11_veneer  0x00000000        0x0 linker stubs

.v4_bx          0x00006878        0x0
 .v4_bx         0x00000000        0x0 linker stubs

.iplt           0x00006878        0x0
 .iplt          0x00000000        0x0 /opt/cross/gcc-arm-none-eabi-4_8-2014q3/bin/../lib/gcc/arm-none-eabi/4.8.4/armv7-m/crtbegin.o

.ARM.extab
 *(.ARM.extab* .gnu.linkonce.armextab.*)
                0x00006878                __exidx_start = .

.ARM.exidx      0x00006878        0x8
 *(.ARM.exidx* .gnu.linkonce.armexidx.*)
 .ARM.exidx     0x00006878        0x8 /opt/cross/gcc-arm-none-eabi-4_8-2014q3/bin/../lib/gcc/arm-none-eabi/4.8.4/../../../../arm-none-eabi/lib/armv7-m/crt0.o
 .ARM.exidx     0x00006880        0x0 /opt/cross/gcc-arm-none-eabi-4_8-2014q3/bin/../lib/gcc/arm-none-eabi/4.8.4/armv7-m/libgcc.a(_divdi3.o)
                                  0x8 (size before relaxing)
 .ARM.exidx     0x00006880        0x0 /opt/cross/gcc-arm-none-eabi-4_8-2014q3/bin/../lib/gcc/arm-none-eabi/4.8.4/armv7-m/libgcc.a(_udivdi3.o)
                                  0x8 (size before relaxing)
                0x00006880                __exidx_end = .
                0x00006880                __etext = .

.rel.dyn        0x00006880        0x0
 .rel.iplt      0x00000000        0x0 /opt/cross/gcc-arm-none-eabi-4_8-2014q3/bin/../lib/gcc/arm-none-eabi/4.8.4/armv7-m/crtbegin.o

.data           0x20000000      0xa04 load address 0x00006880
                0x20000000                __data_start__ = .
 *(vtable)
 *(.data*)
 .data.SystemLFXOClock
                0x20000000        0x4 build/system_efm32g.o
 .data.SystemHFXOClock
                0x20000004        0x4 build/system_efm32g.o
 .data.stat     0x20000008        0x1 build/diskio.o
 *fill*         0x20000009        0x3 
 .data.dmaInit  0x2000000c        0x8 build/LEUART.o
 .data.leuartInit
                0x20000014       0x10 build/LEUART.o
 .data.chnlCfgTx
                0x20000024        0xc build/LEUART.o
 .data.descrCfgTx
                0x20000030        0x5 build/LEUART.o
                0x20000030                descrCfgTx
 .data.g_flgLEUART_LF2CRLF
                0x20000035        0x1 build/LEUART.o
                0x20000035                g_flgLEUART_LF2CRLF
 .data.g_MicroSD_PwrPort
                0x20000036        0x1 build/microsd.o
                0x20000036                g_MicroSD_PwrPort
 *fill*         0x20000037        0x1 
 .data.impure_data
                0x20000038      0x428 /opt/cross/gcc-arm-none-eabi-4_8-2014q3/bin/../lib/gcc/arm-none-eabi/4.8.4/../../../../arm-none-eabi/lib/armv7-m/libc.a(lib_a-impure.o)
 .data._impure_ptr
                0x20000460        0x4 /opt/cross/gcc-arm-none-eabi-4_8-2014q3/bin/../lib/gcc/arm-none-eabi/4.8.4/../../../../arm-none-eabi/lib/armv7-m/libc.a(lib_a-impure.o)
                0x20000460                _impure_ptr
 .data.__malloc_av_
                0x20000464      0x408 /opt/cross/gcc-arm-none-eabi-4_8-2014q3/bin/../lib/gcc/arm-none-eabi/4.8.4/../../../../arm-none-eabi/lib/armv7-m/libc.a(lib_a-mallocr.o)
                0x20000464                __malloc_av_
 .data.__malloc_trim_threshold
                0x2000086c        0x4 /opt/cross/gcc-arm-none-eabi-4_8-2014q3/bin/../lib/gcc/arm-none-eabi/4.8.4/../../../../arm-none-eabi/lib/armv7-m/libc.a(lib_a-mallocr.o)
                0x2000086c                __malloc_trim_threshold
 .data.__malloc_sbrk_base
                0x20000870        0x4 /opt/cross/gcc-arm-none-eabi-4_8-2014q3/bin/../lib/gcc/arm-none-eabi/4.8.4/../../../../arm-none-eabi/lib/armv7-m/libc.a(lib_a-mallocr.o)
                0x20000870                __malloc_sbrk_base
                0x20000874                . = ALIGN (0x4)
 *(.ram)
 .ram           0x20000874      0x174 build/em_msc.o
                0x20000874                MscLoadAddress
                0x200008a0                MscLoadData
                0x200008f4                MSC_ErasePage
                0x2000097c                MSC_WriteWord
 .ram.__stub    0x200009e8       0x10 linker stubs
                0x200009f8                . = ALIGN (0x4)
                0x200009f8                PROVIDE (__preinit_array_start, .)
 *(.preinit_array)
                0x200009f8                PROVIDE (__preinit_array_end, .)
                0x200009f8                . = ALIGN (0x4)
                0x200009f8                PROVIDE (__init_array_start, .)
 *(SORT(.init_array.*))
 .init_array.00000
                0x200009f8        0x4 /opt/cross/gcc-arm-none-eabi-4_8-2014q3/bin/../lib/gcc/arm-none-eabi/4.8.4/../../../../arm-none-eabi/lib/armv7-m/libc.a(lib_a-__call_atexit.o)
 *(.init_array)
 .init_array    0x200009fc        0x4 /opt/cross/gcc-arm-none-eabi-4_8-2014q3/bin/../lib/gcc/arm-none-eabi/4.8.4/armv7-m/crtbegin.o
                0x20000a00                PROVIDE (__init_array_end, .)
                0x20000a00                . = ALIGN (0x4)
                0x20000a00                PROVIDE (__fini_array_start, .)
 *(SORT(.fini_array.*))
 *(.fini_array)
 .fini_array    0x20000a00        0x4 /opt/cross/gcc-arm-none-eabi-4_8-2014q3/bin/../lib/gcc/arm-none-eabi/4.8.4/armv7-m/crtbegin.o
                0x20000a04                PROVIDE (__fini_array_end, .)
                0x20000a04                . = ALIGN (0x4)
                0x20000a04                __data_end__ = .

.jcr            0x20000a04        0x0 load address 0x00007284
 .jcr           0x20000a04        0x0 /opt/cross/gcc-arm-none-eabi-4_8-2014q3/bin/../lib/gcc/arm-none-eabi/4.8.4/armv7-m/crtbegin.o

.igot.plt       0x20000a04        0x0 load address 0x00007284
 .igot.plt      0x00000000        0x0 /opt/cross/gcc-arm-none-eabi-4_8-2014q3/bin/../lib/gcc/arm-none-eabi/4.8.4/armv7-m/crtbegin.o

.bss            0x20000b00     0x1f68 load address 0x00007400
                0x20000b00                __bss_start__ = .
 *(.bss*)
 .bss           0x20000b00       0x1c /opt/cross/gcc-arm-none-eabi-4_8-2014q3/bin/../lib/gcc/arm-none-eabi/4.8.4/armv7-m/crtbegin.o
 .bss.cmuStatus
                0x20000b1c        0x2 build/em_emu.o
 *fill*         0x20000b1e        0x2 
 .bss.INT_LockCnt
                0x20000b20        0x4 build/em_int.o
                0x20000b20                INT_LockCnt
 .bss.CardType  0x20000b24        0x2 build/diskio.o
 .bss.CurrVol   0x20000b26        0x1 build/ff.o
 *fill*         0x20000b27        0x1 
 .bss.Fsid      0x20000b28        0x2 build/ff.o
 *fill*         0x20000b2a        0x2 
 .bss.FatFs     0x20000b2c        0x4 build/ff.o
 .bss.l_fh      0x20000b30      0x224 build/Flash.o
 .bss.l_SectorBuf
                0x20000d54      0x200 build/Flash.o
 .bss.flgDMArun
                0x20000f54        0x1 build/LEUART.o
 .bss.txFIFO    0x20000f55      0x400 build/LEUART.o
 *fill*         0x20001355        0x1 
 .bss.txIdxGetNext
                0x20001356        0x2 build/LEUART.o
 .bss.txIdxPut  0x20001358        0x2 build/LEUART.o
 .bss.txIdxGet  0x2000135a        0x2 build/LEUART.o
 .bss.l_ErrMsgCnt
                0x2000135c        0x4 build/Logging.o
 .bss.l_fh      0x20001360      0x224 build/Logging.o
 .bss.l_LostEntryCnt
                0x20001584        0x4 build/Logging.o
 .bss.idxLogPut
                0x20001588        0x4 build/Logging.o
 .bss.idxLogGet
                0x2000158c        0x4 build/Logging.o
 .bss.l_LogBuf  0x20001590     0x1000 build/Logging.o
 .bss.g_MicroSD_PwrPin
                0x20002590        0x4 build/microsd.o
                0x20002590                g_MicroSD_PwrPin
 .bss.xfersPrMsec
                0x20002594        0x4 build/microsd.o
 .bss.l_DiskState
                0x20002598        0x1 build/microsd.o
 *fill*         0x20002599        0x3 
 .bss.timeOut   0x2000259c        0x4 build/microsd.o
 .bss.l_FatFS   0x200025a0      0x234 build/microsd.o
 .bss.l_PrevDiskState
                0x200027d4        0x1 build/microsd.o
 .bss.filefound.6907
                0x200027d5        0xd build/microsd.o
 *fill*         0x200027e2        0x2 
 .bss.__malloc_max_total_mem
                0x200027e4        0x4 /opt/cross/gcc-arm-none-eabi-4_8-2014q3/bin/../lib/gcc/arm-none-eabi/4.8.4/../../../../arm-none-eabi/lib/armv7-m/libc.a(lib_a-mallocr.o)
                0x200027e4                __malloc_max_total_mem
 .bss.__malloc_max_sbrked_mem
                0x200027e8        0x4 /opt/cross/gcc-arm-none-eabi-4_8-2014q3/bin/../lib/gcc/arm-none-eabi/4.8.4/../../../../arm-none-eabi/lib/armv7-m/libc.a(lib_a-mallocr.o)
                0x200027e8                __malloc_max_sbrked_mem
 .bss.__malloc_top_pad
                0x200027ec        0x4 /opt/cross/gcc-arm-none-eabi-4_8-2014q3/bin/../lib/gcc/arm-none-eabi/4.8.4/../../../../arm-none-eabi/lib/armv7-m/libc.a(lib_a-mallocr.o)
                0x200027ec                __malloc_top_pad
 .bss.__malloc_current_mallinfo
                0x200027f0       0x28 /opt/cross/gcc-arm-none-eabi-4_8-2014q3/bin/../lib/gcc/arm-none-eabi/4.8.4/../../../../arm-none-eabi/lib/armv7-m/libc.a(lib_a-mallocr.o)
                0x200027f0                __malloc_current_mallinfo
 .bss.heap_end.4246
                0x20002818        0x4 /opt/cross/gcc-arm-none-eabi-4_8-2014q3/bin/../lib/gcc/arm-none-eabi/4.8.4/../../../../arm-none-eabi/lib/armv7-m/libnosys.a(sbrk.o)
 *(COMMON)
 COMMON         0x2000281c        0x4 build/system_efm32g.o
                0x2000281c                SystemCoreClock
 *fill*         0x20002820       0xe0 
 COMMON         0x20002900      0x164 build/main.o
                0x20002900                g_DMA_ControlBlock
                0x20002a00                g_flgIRQ
                0x20002a04                g_DMA_Callback
 COMMON         0x20002a64        0x4 /opt/cross/gcc-arm-none-eabi-4_8-2014q3/bin/../lib/gcc/arm-none-eabi/4.8.4/../../../../arm-none-eabi/lib/armv7-m/libc.a(lib_a-reent.o)
                0x20002a64                errno
                0x20002a68                __bss_end__ = .

.heap           0x20002a68      0xc00
                0x20002a68                __end__ = .
                0x20002a68                end = __end__
                0x20002a68                _end = __end__
 *(.heap*)
 .heap          0x20002a68      0xc00 build/startup_efm32g.o
                0x20002a68                __HeapBase
                0x20003668                __HeapLimit = .

.stack_dummy    0x20002a68      0x400
 *(.stack)
 .stack         0x20002a68      0x400 build/startup_efm32g.o
                0x20004000                __StackTop = (ORIGIN (RAM) + 0x4000)
                0x20003c00                __StackLimit = (__StackTop - SIZEOF (.stack_dummy))
                0x20004000                PROVIDE (__stack, __StackTop)
                0x00000001                ASSERT ((__StackLimit >= __HeapLimit), region RAM overflowed with stack)
OUTPUT(exe/EFM32_Boot.out elf32-littlearm)

.ARM.attributes
                0x00000000       0x29
 .ARM.attributes
                0x00000000       0x1d /opt/cross/gcc-arm-none-eabi-4_8-2014q3/bin/../lib/gcc/arm-none-eabi/4.8.4/armv7-m/crti.o
 .ARM.attributes
                0x0000001d       0x2d /opt/cross/gcc-arm-none-eabi-4_8-2014q3/bin/../lib/gcc/arm-none-eabi/4.8.4/armv7-m/crtbegin.o
 .ARM.attributes
                0x0000004a       0x1b /opt/cross/gcc-arm-none-eabi-4_8-2014q3/bin/../lib/gcc/arm-none-eabi/4.8.4/../../../../arm-none-eabi/lib/armv7-m/crt0.o
 .ARM.attributes
                0x00000065       0x33 build/system_efm32g.o
 .ARM.attributes
                0x00000098       0x33 build/em_assert.o
 .ARM.attributes
                0x000000cb       0x33 build/em_cmu.o
 .ARM.attributes
                0x000000fe       0x33 build/em_dma.o
 .ARM.attributes
                0x00000131       0x33 build/em_emu.o
 .ARM.attributes
                0x00000164       0x33 build/em_int.o
 .ARM.attributes
                0x00000197       0x33 build/em_gpio.o
 .ARM.attributes
                0x000001ca       0x33 build/em_leuart.o
 .ARM.attributes
                0x000001fd       0x33 build/em_usart.o
 .ARM.attributes
                0x00000230       0x33 build/em_rtc.o
 .ARM.attributes
                0x00000263       0x33 build/em_msc.o
 .ARM.attributes
                0x00000296       0x33 build/em_system.o
 .ARM.attributes
                0x000002c9       0x33 build/diskio.o
 .ARM.attributes
                0x000002fc       0x33 build/ff.o
 .ARM.attributes
                0x0000032f       0x33 build/main.o
 .ARM.attributes
                0x00000362       0x33 build/debug.o
 .ARM.attributes
                0x00000395       0x33 build/Flash.o
 .ARM.attributes
                0x000003c8       0x33 build/LEUART.o
 .ARM.attributes
                0x000003fb       0x33 build/Logging.o
 .ARM.attributes
                0x0000042e       0x33 build/microsd.o
 .ARM.attributes
                0x00000461       0x1b build/startup_efm32g.o
 .ARM.attributes
                0x0000047c       0x33 build/version.o
 .ARM.attributes
                0x000004af       0x2d /opt/cross/gcc-arm-none-eabi-4_8-2014q3/bin/../lib/gcc/arm-none-eabi/4.8.4/../../../../arm-none-eabi/lib/armv7-m/libc.a(lib_a-exit.o)
 .ARM.attributes
                0x000004dc       0x2d /opt/cross/gcc-arm-none-eabi-4_8-2014q3/bin/../lib/gcc/arm-none-eabi/4.8.4/../../../../arm-none-eabi/lib/armv7-m/libc.a(lib_a-impure.o)
 .ARM.attributes
                0x00000509       0x2d /opt/cross/gcc-arm-none-eabi-4_8-2014q3/bin/../lib/gcc/arm-none-eabi/4.8.4/../../../../arm-none-eabi/lib/armv7-m/libc.a(lib_a-init.o)
 .ARM.attributes
                0x00000536       0x2d /opt/cross/gcc-arm-none-eabi-4_8-2014q3/bin/../lib/gcc/arm-none-eabi/4.8.4/../../../../arm-none-eabi/lib/armv7-m/libc.a(lib_a-memset.o)
 .ARM.attributes
                0x00000563       0x2d /opt/cross/gcc-arm-none-eabi-4_8-2014q3/bin/../lib/gcc/arm-none-eabi/4.8.4/../../../../arm-none-eabi/lib/armv7-m/libc.a(lib_a-siprintf.o)
 .ARM.attributes
                0x00000590       0x1b /opt/cross/gcc-arm-none-eabi-4_8-2014q3/bin/../lib/gcc/arm-none-eabi/4.8.4/../../../../arm-none-eabi/lib/armv7-m/libc.a(lib_a-strcmp.o)
 .ARM.attributes
                0x000005ab       0x2d /opt/cross/gcc-arm-none-eabi-4_8-2014q3/bin/../lib/gcc/arm-none-eabi/4.8.4/../../../../arm-none-eabi/lib/armv7-m/libc.a(lib_a-strcpy.o)
 .ARM.attributes
                0x000005d8       0x2d /opt/cross/gcc-arm-none-eabi-4_8-2014q3/bin/../lib/gcc/arm-none-eabi/4.8.4/../../../../arm-none-eabi/lib/armv7-m/libc.a(lib_a-strlen.o)
 .ARM.attributes
                0x00000605       0x2d /opt/cross/gcc-arm-none-eabi-4_8-2014q3/bin/../lib/gcc/arm-none-eabi/4.8.4/../../../../arm-none-eabi/lib/armv7-m/libc.a(lib_a-svfiprintf.o)
 .ARM.attributes
                0x00000632       0x2d /opt/cross/gcc-arm-none-eabi-4_8-2014q3/bin/../lib/gcc/arm-none-eabi/4.8.4/../../../../arm-none-eabi/lib/armv7-m/libc.a(lib_a-vsiprintf.o)
 .ARM.attributes
                0x0000065f       0x2d /opt/cross/gcc-arm-none-eabi-4_8-2014q3/bin/../lib/gcc/arm-none-eabi/4.8.4/../../../../arm-none-eabi/lib/armv7-m/libc.a(lib_a-__call_atexit.o)
 .ARM.attributes
                0x0000068c       0x2d /opt/cross/gcc-arm-none-eabi-4_8-2014q3/bin/../lib/gcc/arm-none-eabi/4.8.4/../../../../arm-none-eabi/lib/armv7-m/libc.a(lib_a-atexit.o)
 .ARM.attributes
                0x000006b9       0x2d /opt/cross/gcc-arm-none-eabi-4_8-2014q3/bin/../lib/gcc/arm-none-eabi/4.8.4/../../../../arm-none-eabi/lib/armv7-m/libc.a(lib_a-fini.o)
 .ARM.attributes
                0x000006e6       0x2d /opt/cross/gcc-arm-none-eabi-4_8-2014q3/bin/../lib/gcc/arm-none-eabi/4.8.4/../../../../arm-none-eabi/lib/armv7-m/libc.a(lib_a-freer.o)
 .ARM.attributes
                0x00000713       0x2d /opt/cross/gcc-arm-none-eabi-4_8-2014q3/bin/../lib/gcc/arm-none-eabi/4.8.4/../../../../arm-none-eabi/lib/armv7-m/libc.a(lib_a-mallocr.o)
 .ARM.attributes
                0x00000740       0x2d /opt/cross/gcc-arm-none-eabi-4_8-2014q3/bin/../lib/gcc/arm-none-eabi/4.8.4/../../../../arm-none-eabi/lib/armv7-m/libc.a(lib_a-memchr-stub.o)
 .ARM.attributes
                0x0000076d       0x1b /opt/cross/gcc-arm-none-eabi-4_8-2014q3/bin/../lib/gcc/arm-none-eabi/4.8.4/../../../../arm-none-eabi/lib/armv7-m/libc.a(lib_a-memcpy.o)
 .ARM.attributes
                0x00000788       0x2d /opt/cross/gcc-arm-none-eabi-4_8-2014q3/bin/../lib/gcc/arm-none-eabi/4.8.4/../../../../arm-none-eabi/lib/armv7-m/libc.a(lib_a-memmove.o)
 .ARM.attributes
                0x000007b5       0x2d /opt/cross/gcc-arm-none-eabi-4_8-2014q3/bin/../lib/gcc/arm-none-eabi/4.8.4/../../../../arm-none-eabi/lib/armv7-m/libc.a(lib_a-mlock.o)
 .ARM.attributes
                0x000007e2       0x2d /opt/cross/gcc-arm-none-eabi-4_8-2014q3/bin/../lib/gcc/arm-none-eabi/4.8.4/../../../../arm-none-eabi/lib/armv7-m/libc.a(lib_a-reallocr.o)
 .ARM.attributes
                0x0000080f       0x2d /opt/cross/gcc-arm-none-eabi-4_8-2014q3/bin/../lib/gcc/arm-none-eabi/4.8.4/../../../../arm-none-eabi/lib/armv7-m/libc.a(lib_a-sbrkr.o)
 .ARM.attributes
                0x0000083c       0x2d /opt/cross/gcc-arm-none-eabi-4_8-2014q3/bin/../lib/gcc/arm-none-eabi/4.8.4/../../../../arm-none-eabi/lib/armv7-m/libc.a(lib_a-__atexit.o)
 .ARM.attributes
                0x00000869       0x2d /opt/cross/gcc-arm-none-eabi-4_8-2014q3/bin/../lib/gcc/arm-none-eabi/4.8.4/../../../../arm-none-eabi/lib/armv7-m/libc.a(lib_a-reent.o)
 .ARM.attributes
                0x00000896       0x2d /opt/cross/gcc-arm-none-eabi-4_8-2014q3/bin/../lib/gcc/arm-none-eabi/4.8.4/../../../../arm-none-eabi/lib/armv7-m/libnosys.a(sbrk.o)
 .ARM.attributes
                0x000008c3       0x2d /opt/cross/gcc-arm-none-eabi-4_8-2014q3/bin/../lib/gcc/arm-none-eabi/4.8.4/../../../../arm-none-eabi/lib/armv7-m/libnosys.a(_exit.o)
 .ARM.attributes
                0x000008f0       0x1d /opt/cross/gcc-arm-none-eabi-4_8-2014q3/bin/../lib/gcc/arm-none-eabi/4.8.4/armv7-m/libgcc.a(_aeabi_uldivmod.o)
 .ARM.attributes
                0x0000090d       0x2d /opt/cross/gcc-arm-none-eabi-4_8-2014q3/bin/../lib/gcc/arm-none-eabi/4.8.4/armv7-m/libgcc.a(bpabi.o)
 .ARM.attributes
                0x0000093a       0x1d /opt/cross/gcc-arm-none-eabi-4_8-2014q3/bin/../lib/gcc/arm-none-eabi/4.8.4/armv7-m/libgcc.a(_dvmd_tls.o)
 .ARM.attributes
                0x00000957       0x2d /opt/cross/gcc-arm-none-eabi-4_8-2014q3/bin/../lib/gcc/arm-none-eabi/4.8.4/armv7-m/libgcc.a(_divdi3.o)
 .ARM.attributes
                0x00000984       0x2d /opt/cross/gcc-arm-none-eabi-4_8-2014q3/bin/../lib/gcc/arm-none-eabi/4.8.4/armv7-m/libgcc.a(_udivdi3.o)
 .ARM.attributes
                0x000009b1       0x2d /opt/cross/gcc-arm-none-eabi-4_8-2014q3/bin/../lib/gcc/arm-none-eabi/4.8.4/armv7-m/crtend.o
 .ARM.attributes
                0x000009de       0x1d /opt/cross/gcc-arm-none-eabi-4_8-2014q3/bin/../lib/gcc/arm-none-eabi/4.8.4/armv7-m/crtn.o

.comment        0x00000000       0x70
 .comment       0x00000000       0x70 build/system_efm32g.o
                                 0x71 (size before relaxing)
 .comment       0x00000000       0x71 build/em_assert.o
 .comment       0x00000000       0x71 build/em_cmu.o
 .comment       0x00000000       0x71 build/em_dma.o
 .comment       0x00000000       0x71 build/em_emu.o
 .comment       0x00000000       0x71 build/em_int.o
 .comment       0x00000000       0x71 build/em_gpio.o
 .comment       0x00000000       0x71 build/em_leuart.o
 .comment       0x00000000       0x71 build/em_usart.o
 .comment       0x00000000       0x71 build/em_rtc.o
 .comment       0x00000000       0x71 build/em_msc.o
 .comment       0x00000000       0x71 build/em_system.o
 .comment       0x00000000       0x71 build/diskio.o
 .comment       0x00000000       0x71 build/ff.o
 .comment       0x00000000       0x71 build/main.o
 .comment       0x00000000       0x71 build/debug.o
 .comment       0x00000000       0x71 build/Flash.o
 .comment       0x00000000       0x71 build/LEUART.o
 .comment       0x00000000       0x71 build/Logging.o
 .comment       0x00000000       0x71 build/microsd.o
 .comment       0x00000000       0x71 build/version.o

.debug_info     0x00000000     0xfece
 .debug_info    0x00000000      0x511 build/system_efm32g.o
 .debug_info    0x00000511       0x6f build/em_assert.o
 .debug_info    0x00000580     0x141c build/em_cmu.o
 .debug_info    0x0000199c     0x13f0 build/em_dma.o
 .debug_info    0x00002d8c      0x6b1 build/em_emu.o
 .debug_info    0x0000343d       0xb9 build/em_int.o
 .debug_info    0x000034f6      0x59c build/em_gpio.o
 .debug_info    0x00003a92      0xa0f build/em_leuart.o
 .debug_info    0x000044a1      0xdf5 build/em_usart.o
 .debug_info    0x00005296      0x426 build/em_rtc.o
 .debug_info    0x000056bc      0x3ed build/em_msc.o
 .debug_info    0x00005aa9      0x28d build/em_system.o
 .debug_info    0x00005d36      0x807 build/diskio.o
 .debug_info    0x0000653d     0x2820 build/ff.o
 .debug_info    0x00008d5d     0x16ee build/main.o
 .debug_info    0x0000a44b     0x1ce4 build/debug.o
 .debug_info    0x0000c12f      0x995 build/Flash.o
 .debug_info    0x0000cac4     0x1137 build/LEUART.o
 .debug_info    0x0000dbfb      0xa58 build/Logging.o
 .debug_info    0x0000e653     0x1745 build/microsd.o
 .debug_info    0x0000fd98      0x136 build/version.o

.debug_abbrev   0x00000000     0x2e77
 .debug_abbrev  0x00000000      0x1d3 build/system_efm32g.o
 .debug_abbrev  0x000001d3       0x63 build/em_assert.o
 .debug_abbrev  0x00000236      0x426 build/em_cmu.o
 .debug_abbrev  0x0000065c      0x348 build/em_dma.o
 .debug_abbrev  0x000009a4      0x242 build/em_emu.o
 .debug_abbrev  0x00000be6       0x5c build/em_int.o
 .debug_abbrev  0x00000c42      0x1e3 build/em_gpio.o
 .debug_abbrev  0x00000e25      0x28b build/em_leuart.o
 .debug_abbrev  0x000010b0      0x23a build/em_usart.o
 .debug_abbrev  0x000012ea      0x232 build/em_rtc.o
 .debug_abbrev  0x0000151c      0x1bb build/em_msc.o
 .debug_abbrev  0x000016d7      0x11e build/em_system.o
 .debug_abbrev  0x000017f5      0x17b build/diskio.o
 .debug_abbrev  0x00001970      0x2eb build/ff.o
 .debug_abbrev  0x00001c5b      0x40d build/main.o
 .debug_abbrev  0x00002068      0x15c build/debug.o
 .debug_abbrev  0x000021c4      0x23c build/Flash.o
 .debug_abbrev  0x00002400      0x3a2 build/LEUART.o
 .debug_abbrev  0x000027a2      0x304 build/Logging.o
 .debug_abbrev  0x00002aa6      0x331 build/microsd.o
 .debug_abbrev  0x00002dd7       0xa0 build/version.o

.debug_loc      0x00000000     0x7ea8
 .debug_loc     0x00000000       0xa2 build/system_efm32g.o
 .debug_loc     0x000000a2     0x145e build/em_cmu.o
 .debug_loc     0x00001500      0x9c1 build/em_dma.o
 .debug_loc     0x00001ec1      0x10f build/em_emu.o
 .debug_loc     0x00001fd0      0x245 build/em_gpio.o
 .debug_loc     0x00002215      0x52d build/em_leuart.o
 .debug_loc     0x00002742      0x699 build/em_usart.o
 .debug_loc     0x00002ddb      0x14d build/em_rtc.o
 .debug_loc     0x00002f28      0x20e build/em_msc.o
 .debug_loc     0x00003136       0xd0 build/em_system.o
 .debug_loc     0x00003206      0x748 build/diskio.o
 .debug_loc     0x0000394e     0x343f build/ff.o
 .debug_loc     0x00006d8d      0x378 build/main.o
 .debug_loc     0x00007105      0x1d1 build/Flash.o
 .debug_loc     0x000072d6      0x1ad build/LEUART.o
 .debug_loc     0x00007483      0x4b9 build/Logging.o
 .debug_loc     0x0000793c      0x56c build/microsd.o

.debug_aranges  0x00000000      0x818
 .debug_aranges
                0x00000000       0x60 build/system_efm32g.o
 .debug_aranges
                0x00000060       0x20 build/em_assert.o
 .debug_aranges
                0x00000080       0xd8 build/em_cmu.o
 .debug_aranges
                0x00000158       0x80 build/em_dma.o
 .debug_aranges
                0x000001d8       0x48 build/em_emu.o
 .debug_aranges
                0x00000220       0x18 build/em_int.o
 .debug_aranges
                0x00000238       0x38 build/em_gpio.o
 .debug_aranges
                0x00000270       0x88 build/em_leuart.o
 .debug_aranges
                0x000002f8       0xb0 build/em_usart.o
 .debug_aranges
                0x000003a8       0x58 build/em_rtc.o
 .debug_aranges
                0x00000400       0x48 build/em_msc.o
 .debug_aranges
                0x00000448       0x28 build/em_system.o
 .debug_aranges
                0x00000470       0x40 build/diskio.o
 .debug_aranges
                0x000004b0      0x140 build/ff.o
 .debug_aranges
                0x000005f0       0x38 build/main.o
 .debug_aranges
                0x00000628       0x20 build/debug.o
 .debug_aranges
                0x00000648       0x38 build/Flash.o
 .debug_aranges
                0x00000680       0x58 build/LEUART.o
 .debug_aranges
                0x000006d8       0x60 build/Logging.o
 .debug_aranges
                0x00000738       0xc8 build/microsd.o
 .debug_aranges
                0x00000800       0x18 build/version.o

.debug_ranges   0x00000000      0x878
 .debug_ranges  0x00000000       0x80 build/system_efm32g.o
 .debug_ranges  0x00000080       0x10 build/em_assert.o
 .debug_ranges  0x00000090       0xf8 build/em_cmu.o
 .debug_ranges  0x00000188       0x70 build/em_dma.o
 .debug_ranges  0x000001f8       0x80 build/em_emu.o
 .debug_ranges  0x00000278       0x48 build/em_gpio.o
 .debug_ranges  0x000002c0       0x78 build/em_leuart.o
 .debug_ranges  0x00000338       0xa0 build/em_usart.o
 .debug_ranges  0x000003d8       0x48 build/em_rtc.o
 .debug_ranges  0x00000420       0x38 build/em_msc.o
 .debug_ranges  0x00000458       0x18 build/em_system.o
 .debug_ranges  0x00000470       0x30 build/diskio.o
 .debug_ranges  0x000004a0      0x1c8 build/ff.o
 .debug_ranges  0x00000668       0x58 build/main.o
 .debug_ranges  0x000006c0       0x10 build/debug.o
 .debug_ranges  0x000006d0       0x28 build/Flash.o
 .debug_ranges  0x000006f8       0x60 build/LEUART.o
 .debug_ranges  0x00000758       0x50 build/Logging.o
 .debug_ranges  0x000007a8       0xd0 build/microsd.o

.debug_line     0x00000000     0x4375
 .debug_line    0x00000000      0x246 build/system_efm32g.o
 .debug_line    0x00000246       0x48 build/em_assert.o
 .debug_line    0x0000028e      0x609 build/em_cmu.o
 .debug_line    0x00000897      0x480 build/em_dma.o
 .debug_line    0x00000d17      0x29a build/em_emu.o
 .debug_line    0x00000fb1       0xf9 build/em_int.o
 .debug_line    0x000010aa      0x23f build/em_gpio.o
 .debug_line    0x000012e9      0x317 build/em_leuart.o
 .debug_line    0x00001600      0x3ec build/em_usart.o
 .debug_line    0x000019ec      0x23b build/em_rtc.o
 .debug_line    0x00001c27      0x243 build/em_msc.o
 .debug_line    0x00001e6a      0x1bc build/em_system.o
 .debug_line    0x00002026      0x281 build/diskio.o
 .debug_line    0x000022a7      0xad0 build/ff.o
 .debug_line    0x00002d77      0x438 build/main.o
 .debug_line    0x000031af      0x2e2 build/debug.o
 .debug_line    0x00003491      0x281 build/Flash.o
 .debug_line    0x00003712      0x316 build/LEUART.o
 .debug_line    0x00003a28      0x35b build/Logging.o
 .debug_line    0x00003d83      0x4f6 build/microsd.o
 .debug_line    0x00004279       0xfc build/version.o

.debug_str      0x00000000     0x328e
 .debug_str     0x00000000      0x417 build/system_efm32g.o
                                0x47f (size before relaxing)
 .debug_str     0x00000417       0x2d build/em_assert.o
                                0x136 (size before relaxing)
 .debug_str     0x00000444      0x66a build/em_cmu.o
                                0xa48 (size before relaxing)
 .debug_str     0x00000aae      0x76a build/em_dma.o
                                0xbd1 (size before relaxing)
 .debug_str     0x00001218      0x112 build/em_emu.o
                                0x455 (size before relaxing)
 .debug_str     0x0000132a       0x22 build/em_int.o
                                0x1e6 (size before relaxing)
 .debug_str     0x0000134c      0x325 build/em_gpio.o
                                0x53c (size before relaxing)
 .debug_str     0x00001671      0x2b1 build/em_leuart.o
                                0x6f4 (size before relaxing)
 .debug_str     0x00001922      0x697 build/em_usart.o
                                0xb27 (size before relaxing)
 .debug_str     0x00001fb9       0xce build/em_rtc.o
                                0x2eb (size before relaxing)
 .debug_str     0x00002087      0x11d build/em_msc.o
                                0x355 (size before relaxing)
 .debug_str     0x000021a4       0xe5 build/em_system.o
                                0x2ca (size before relaxing)
 .debug_str     0x00002289      0x183 build/diskio.o
                                0x399 (size before relaxing)
 .debug_str     0x0000240c      0x439 build/ff.o
                                0x6ec (size before relaxing)
 .debug_str     0x00002845      0x264 build/main.o
                                0xe58 (size before relaxing)
 .debug_str     0x00002aa9      0x434 build/debug.o
                                0xaff (size before relaxing)
 .debug_str     0x00002edd       0x87 build/Flash.o
                                0x654 (size before relaxing)
 .debug_str     0x00002f64       0xed build/LEUART.o
                                0xed1 (size before relaxing)
 .debug_str     0x00003051      0x10a build/Logging.o
                                0x60b (size before relaxing)
 .debug_str     0x0000315b      0x126 build/microsd.o
                                0xe4d (size before relaxing)
 .debug_str     0x00003281        0xd build/version.o
                                0x1dd (size before relaxing)

.debug_frame    0x00000000     0x1bcc
 .debug_frame   0x00000000       0xac build/system_efm32g.o
 .debug_frame   0x000000ac       0x20 build/em_assert.o
 .debug_frame   0x000000cc      0x260 build/em_cmu.o
 .debug_frame   0x0000032c      0x1fc build/em_dma.o
 .debug_frame   0x00000528       0x88 build/em_emu.o
 .debug_frame   0x000005b0       0x9c build/em_gpio.o
 .debug_frame   0x0000064c      0x178 build/em_leuart.o
 .debug_frame   0x000007c4      0x1d0 build/em_usart.o
 .debug_frame   0x00000994       0xd0 build/em_rtc.o
 .debug_frame   0x00000a64       0xa0 build/em_msc.o
 .debug_frame   0x00000b04       0x48 build/em_system.o
 .debug_frame   0x00000b4c       0xb4 build/diskio.o
 .debug_frame   0x00000c00      0x50c build/ff.o
 .debug_frame   0x0000110c       0x80 build/main.o
 .debug_frame   0x0000118c       0x20 build/debug.o
 .debug_frame   0x000011ac       0x80 build/Flash.o
 .debug_frame   0x0000122c       0xd8 build/LEUART.o
 .debug_frame   0x00001304      0x130 build/Logging.o
 .debug_frame   0x00001434      0x244 build/microsd.o
 .debug_frame   0x00001678       0x28 /opt/cross/gcc-arm-none-eabi-4_8-2014q3/bin/../lib/gcc/arm-none-eabi/4.8.4/../../../../arm-none-eabi/lib/armv7-m/libc.a(lib_a-exit.o)
 .debug_frame   0x000016a0       0x2c /opt/cross/gcc-arm-none-eabi-4_8-2014q3/bin/../lib/gcc/arm-none-eabi/4.8.4/../../../../arm-none-eabi/lib/armv7-m/libc.a(lib_a-init.o)
 .debug_frame   0x000016cc       0x2c /opt/cross/gcc-arm-none-eabi-4_8-2014q3/bin/../lib/gcc/arm-none-eabi/4.8.4/../../../../arm-none-eabi/lib/armv7-m/libc.a(lib_a-memset.o)
 .debug_frame   0x000016f8       0x64 /opt/cross/gcc-arm-none-eabi-4_8-2014q3/bin/../lib/gcc/arm-none-eabi/4.8.4/../../../../arm-none-eabi/lib/armv7-m/libc.a(lib_a-siprintf.o)
 .debug_frame   0x0000175c       0x20 /opt/cross/gcc-arm-none-eabi-4_8-2014q3/bin/../lib/gcc/arm-none-eabi/4.8.4/../../../../arm-none-eabi/lib/armv7-m/libc.a(lib_a-strcpy.o)
 .debug_frame   0x0000177c       0x20 /opt/cross/gcc-arm-none-eabi-4_8-2014q3/bin/../lib/gcc/arm-none-eabi/4.8.4/../../../../arm-none-eabi/lib/armv7-m/libc.a(lib_a-strlen.o)
 .debug_frame   0x0000179c       0x64 /opt/cross/gcc-arm-none-eabi-4_8-2014q3/bin/../lib/gcc/arm-none-eabi/4.8.4/../../../../arm-none-eabi/lib/armv7-m/libc.a(lib_a-svfiprintf.o)
 .debug_frame   0x00001800       0x4c /opt/cross/gcc-arm-none-eabi-4_8-2014q3/bin/../lib/gcc/arm-none-eabi/4.8.4/../../../../arm-none-eabi/lib/armv7-m/libc.a(lib_a-vsiprintf.o)
 .debug_frame   0x0000184c       0x48 /opt/cross/gcc-arm-none-eabi-4_8-2014q3/bin/../lib/gcc/arm-none-eabi/4.8.4/../../../../arm-none-eabi/lib/armv7-m/libc.a(lib_a-__call_atexit.o)
 .debug_frame   0x00001894       0x20 /opt/cross/gcc-arm-none-eabi-4_8-2014q3/bin/../lib/gcc/arm-none-eabi/4.8.4/../../../../arm-none-eabi/lib/armv7-m/libc.a(lib_a-atexit.o)
 .debug_frame   0x000018b4       0x2c /opt/cross/gcc-arm-none-eabi-4_8-2014q3/bin/../lib/gcc/arm-none-eabi/4.8.4/../../../../arm-none-eabi/lib/armv7-m/libc.a(lib_a-fini.o)
 .debug_frame   0x000018e0       0x50 /opt/cross/gcc-arm-none-eabi-4_8-2014q3/bin/../lib/gcc/arm-none-eabi/4.8.4/../../../../arm-none-eabi/lib/armv7-m/libc.a(lib_a-freer.o)
 .debug_frame   0x00001930       0x38 /opt/cross/gcc-arm-none-eabi-4_8-2014q3/bin/../lib/gcc/arm-none-eabi/4.8.4/../../../../arm-none-eabi/lib/armv7-m/libc.a(lib_a-mallocr.o)
 .debug_frame   0x00001968       0x2c /opt/cross/gcc-arm-none-eabi-4_8-2014q3/bin/../lib/gcc/arm-none-eabi/4.8.4/../../../../arm-none-eabi/lib/armv7-m/libc.a(lib_a-memchr-stub.o)
 .debug_frame   0x00001994       0x2c /opt/cross/gcc-arm-none-eabi-4_8-2014q3/bin/../lib/gcc/arm-none-eabi/4.8.4/../../../../arm-none-eabi/lib/armv7-m/libc.a(lib_a-memmove.o)
 .debug_frame   0x000019c0       0x30 /opt/cross/gcc-arm-none-eabi-4_8-2014q3/bin/../lib/gcc/arm-none-eabi/4.8.4/../../../../arm-none-eabi/lib/armv7-m/libc.a(lib_a-mlock.o)
 .debug_frame   0x000019f0       0x38 /opt/cross/gcc-arm-none-eabi-4_8-2014q3/bin/../lib/gcc/arm-none-eabi/4.8.4/../../../../arm-none-eabi/lib/armv7-m/libc.a(lib_a-reallocr.o)
 .debug_frame   0x00001a28       0x2c /opt/cross/gcc-arm-none-eabi-4_8-2014q3/bin/../lib/gcc/arm-none-eabi/4.8.4/../../../../arm-none-eabi/lib/armv7-m/libc.a(lib_a-sbrkr.o)
 .debug_frame   0x00001a54       0x30 /opt/cross/gcc-arm-none-eabi-4_8-2014q3/bin/../lib/gcc/arm-none-eabi/4.8.4/../../../../arm-none-eabi/lib/armv7-m/libc.a(lib_a-__atexit.o)
 .debug_frame   0x00001a84       0x48 /opt/cross/gcc-arm-none-eabi-4_8-2014q3/bin/../lib/gcc/arm-none-eabi/4.8.4/../../../../arm-none-eabi/lib/armv7-m/libc.a(lib_a-reent.o)
 .debug_frame   0x00001acc       0x20 /opt/cross/gcc-arm-none-eabi-4_8-2014q3/bin/../lib/gcc/arm-none-eabi/4.8.4/../../../../arm-none-eabi/lib/armv7-m/libnosys.a(sbrk.o)
 .debug_frame   0x00001aec       0x20 /opt/cross/gcc-arm-none-eabi-4_8-2014q3/bin/../lib/gcc/arm-none-eabi/4.8.4/../../../../arm-none-eabi/lib/armv7-m/libnosys.a(_exit.o)
 .debug_frame   0x00001b0c       0x58 /opt/cross/gcc-arm-none-eabi-4_8-2014q3/bin/../lib/gcc/arm-none-eabi/4.8.4/armv7-m/libgcc.a(bpabi.o)
 .debug_frame   0x00001b64       0x34 /opt/cross/gcc-arm-none-eabi-4_8-2014q3/bin/../lib/gcc/arm-none-eabi/4.8.4/armv7-m/libgcc.a(_divdi3.o)
 .debug_frame   0x00001b98       0x34 /opt/cross/gcc-arm-none-eabi-4_8-2014q3/bin/../lib/gcc/arm-none-eabi/4.8.4/armv7-m/libgcc.a(_udivdi3.o)
